---
# 20211124_1449.md
title: "[ORA-65096: invalid common user or role name] when `CREATE USER` via Oracle19c"
date: 2021-11-24T14:49:30+08:00
draft: false
tags: [
    "Oracle",
    "Database",
    "DB",
    "数据库",
]
categories: [
    "好记性不如云笔记"
]
featured_image: 
relations: 
  - ["Oracle Database 创建用户并分配角色",
      "20211123_1648"
    ]
references: 
  - ["【Oracle】ユーザ作ろうとしたら、ORA-65096: invalid common user or role name って怒られたときの解決法 - Qiita", 
     "https://qiita.com/HiromasaNojima/items/bb2e8903ab199b34ac70", 
    ]
  - ["oracle12c - error: ORA-65096: invalid common user or role name in oracle - Stack Overflow", 
     "https://stackoverflow.com/questions/33330968/error-ora-65096-invalid-common-user-or-role-name-in-oracle", 
    ]
  - ["Introduction to the Multitenant Architecture", 
     "https://docs.oracle.com/en/database/oracle/oracle-database/19/multi/introduction-to-the-multitenant-architecture.html#GUID-267F7D12-D33F-4AC9-AA45-E9CD671B6F22",
    ]

# 以下默认使用全局配置，仅在需要单独设置当前文章的功能时取消注释
# showPostSocialLinks: true
# enableGitalk: true 
# enableUtteranc: false
---

上一次用 Oracle 还是 11g ，最近用的 19C 相比变化还不小，甚至连创建用户都超出我的已有知识范围。

---


## 问题

登入数据库，用 `CREATE USER` 创建用户，提示 `ORA-65096: invalid common user or role name`。

```sql
[oracle@Oracle19c ~]$ sqlplus

SQL*Plus: Release 19.0.0.0.0 - Production on Tue Nov 23 09:24:46 2021
Version 19.3.0.0.0

Copyright (c) 1982, 2019, Oracle.  All rights reserved.

ERROR:
ORA-12154: TNS:could not resolve the connect identifier specified


Enter user-name: system
Enter password:
Last Successful login time: Tue Nov 23 2021 09:11:07 +08:00

Connected to:
Oracle Database 19c Enterprise Edition Release 19.0.0.0.0 - Production
Version 19.3.0.0.0

SQL> CREATE USER "niceram" IDENTIFIED BY "passwd" DEFAULT TABLESPACE "USERS" TEMPORARY TABLESPACE "TEMP";
CREATE USER "niceram" IDENTIFIED BY "passwd" DEFAULT TABLESPACE "USERS" TEMPORARY TABLESPACE "TEMP"
            *
ERROR at line 1:
ORA-65096: invalid common user or role name
```


## 原因

Oracle 12c 后多了个 `PDB` 和 `CDB` 的概念：

> The multitenant architecture enables an Oracle database to function as a multitenant container database (CDB).
> 
> A CDB includes zero, one, or many customer-created pluggable databases (PDBs). A PDB is a portable collection of schemas, schema objects, and nonschema objects that appears to an Oracle Net client as a non-CDB. All Oracle databases before Oracle Database 12c were non-CDBs.

- CDB (Container Database): 容器数据库。
  - 一个 CDB 中可以存在多个 PDB
  - 在 CDB 中只能创建公共普通用户，用户名以 `C##` 开头
  - 默认情况下，登录的数据库被指定为 CDB
- PDB (Pluggable Databases): 可插拔数据库。
  - 在 PDB 可以创建本地用户，用户名无格式要求

综上，因为默认登录了 CDB，而创建用户时，用户名格式不符合要求，所以报错用户或角色名不可用。


## 对策


### 修正用户名

用户名前面加上 `c##`，在 CDB 下创建用户。

```sql
SQL> show con_name;

CON_NAME
------------------------------
CDB$ROOT
SQL> CREATE USER c##niceram IDENTIFIED BY passwd DEFAULT TABLESPACE USERS TEMPORARY TABLESPACE TEMP;

User created.
```


### 切换至 PDB

查看并切换到可用的 PDB 再创建用户。

```sql
SQL> show con_name;

CON_NAME
------------------------------
CDB$ROOT
SQL> select pdb_name from cdb_pdbs; -- 查询所有 PDB 名称

PDB_NAME
--------------------------------------------------------------------------------
ORCLPDB1
PDB$SEED

SQL> alter session set container = ORCLPDB1;  -- 切换当前 session 到 ORCLPDB1

Session altered.

SQL> CREATE USER niceram IDENTIFIED BY passwd DEFAULT TABLESPACE USERS TEMPORARY TABLESPACE TEMP;

User created.

SQL>
```

## 可能存在的坑

创建用户的语句中，用户名加引号和不加引号是有区别的：
- 有引号：用户名区分大小写，引号里是什么，创建后的用户名就是什么
- 无引号：用户名不分大小写，创建后的用户名将自动转换为大写

乍一看好像是没什么特别大的影响，但是如果用户名用小写字母加引号创建，在某些第三方的可视化客户端将因不存在对应的用户而无法连接数据库。
